Archive member included to satisfy reference by file (symbol)

C:/ST/STM32CubeIDE_1.19.0/STM32CubeIDE/plugins/com.st.stm32cube.ide.mcu.externaltools.gnu-tools-for-stm32.13.3.rel1.win32_1.0.0.202411081344/tools/bin/../lib/gcc/arm-none-eabi/13.3.1/../../../../arm-none-eabi/lib/thumb/v7e-m+fp/hard\libc_nano.a(libc_a-exit.o)
                              C:/ST/STM32CubeIDE_1.19.0/STM32CubeIDE/plugins/com.st.stm32cube.ide.mcu.externaltools.gnu-tools-for-stm32.13.3.rel1.win32_1.0.0.202411081344/tools/bin/../lib/gcc/arm-none-eabi/13.3.1/../../../../arm-none-eabi/lib/thumb/v7e-m+fp/hard/crt0.o (exit)
C:/ST/STM32CubeIDE_1.19.0/STM32CubeIDE/plugins/com.st.stm32cube.ide.mcu.externaltools.gnu-tools-for-stm32.13.3.rel1.win32_1.0.0.202411081344/tools/bin/../lib/gcc/arm-none-eabi/13.3.1/../../../../arm-none-eabi/lib/thumb/v7e-m+fp/hard\libc_nano.a(libc_a-findfp.o)
                              C:/ST/STM32CubeIDE_1.19.0/STM32CubeIDE/plugins/com.st.stm32cube.ide.mcu.externaltools.gnu-tools-for-stm32.13.3.rel1.win32_1.0.0.202411081344/tools/bin/../lib/gcc/arm-none-eabi/13.3.1/../../../../arm-none-eabi/lib/thumb/v7e-m+fp/hard\libc_nano.a(libc_a-exit.o) (__stdio_exit_handler)
C:/ST/STM32CubeIDE_1.19.0/STM32CubeIDE/plugins/com.st.stm32cube.ide.mcu.externaltools.gnu-tools-for-stm32.13.3.rel1.win32_1.0.0.202411081344/tools/bin/../lib/gcc/arm-none-eabi/13.3.1/../../../../arm-none-eabi/lib/thumb/v7e-m+fp/hard\libc_nano.a(libc_a-fwalk.o)
                              C:/ST/STM32CubeIDE_1.19.0/STM32CubeIDE/plugins/com.st.stm32cube.ide.mcu.externaltools.gnu-tools-for-stm32.13.3.rel1.win32_1.0.0.202411081344/tools/bin/../lib/gcc/arm-none-eabi/13.3.1/../../../../arm-none-eabi/lib/thumb/v7e-m+fp/hard\libc_nano.a(libc_a-findfp.o) (_fwalk_sglue)
C:/ST/STM32CubeIDE_1.19.0/STM32CubeIDE/plugins/com.st.stm32cube.ide.mcu.externaltools.gnu-tools-for-stm32.13.3.rel1.win32_1.0.0.202411081344/tools/bin/../lib/gcc/arm-none-eabi/13.3.1/../../../../arm-none-eabi/lib/thumb/v7e-m+fp/hard\libc_nano.a(libc_a-stdio.o)
                              C:/ST/STM32CubeIDE_1.19.0/STM32CubeIDE/plugins/com.st.stm32cube.ide.mcu.externaltools.gnu-tools-for-stm32.13.3.rel1.win32_1.0.0.202411081344/tools/bin/../lib/gcc/arm-none-eabi/13.3.1/../../../../arm-none-eabi/lib/thumb/v7e-m+fp/hard\libc_nano.a(libc_a-findfp.o) (__sread)
C:/ST/STM32CubeIDE_1.19.0/STM32CubeIDE/plugins/com.st.stm32cube.ide.mcu.externaltools.gnu-tools-for-stm32.13.3.rel1.win32_1.0.0.202411081344/tools/bin/../lib/gcc/arm-none-eabi/13.3.1/../../../../arm-none-eabi/lib/thumb/v7e-m+fp/hard\libc_nano.a(libc_a-memset.o)
                              C:/ST/STM32CubeIDE_1.19.0/STM32CubeIDE/plugins/com.st.stm32cube.ide.mcu.externaltools.gnu-tools-for-stm32.13.3.rel1.win32_1.0.0.202411081344/tools/bin/../lib/gcc/arm-none-eabi/13.3.1/../../../../arm-none-eabi/lib/thumb/v7e-m+fp/hard/crt0.o (memset)
C:/ST/STM32CubeIDE_1.19.0/STM32CubeIDE/plugins/com.st.stm32cube.ide.mcu.externaltools.gnu-tools-for-stm32.13.3.rel1.win32_1.0.0.202411081344/tools/bin/../lib/gcc/arm-none-eabi/13.3.1/../../../../arm-none-eabi/lib/thumb/v7e-m+fp/hard\libc_nano.a(libc_a-closer.o)
                              C:/ST/STM32CubeIDE_1.19.0/STM32CubeIDE/plugins/com.st.stm32cube.ide.mcu.externaltools.gnu-tools-for-stm32.13.3.rel1.win32_1.0.0.202411081344/tools/bin/../lib/gcc/arm-none-eabi/13.3.1/../../../../arm-none-eabi/lib/thumb/v7e-m+fp/hard\libc_nano.a(libc_a-stdio.o) (_close_r)
C:/ST/STM32CubeIDE_1.19.0/STM32CubeIDE/plugins/com.st.stm32cube.ide.mcu.externaltools.gnu-tools-for-stm32.13.3.rel1.win32_1.0.0.202411081344/tools/bin/../lib/gcc/arm-none-eabi/13.3.1/../../../../arm-none-eabi/lib/thumb/v7e-m+fp/hard\libc_nano.a(libc_a-reent.o)
                              C:/ST/STM32CubeIDE_1.19.0/STM32CubeIDE/plugins/com.st.stm32cube.ide.mcu.externaltools.gnu-tools-for-stm32.13.3.rel1.win32_1.0.0.202411081344/tools/bin/../lib/gcc/arm-none-eabi/13.3.1/../../../../arm-none-eabi/lib/thumb/v7e-m+fp/hard\libc_nano.a(libc_a-closer.o) (errno)
C:/ST/STM32CubeIDE_1.19.0/STM32CubeIDE/plugins/com.st.stm32cube.ide.mcu.externaltools.gnu-tools-for-stm32.13.3.rel1.win32_1.0.0.202411081344/tools/bin/../lib/gcc/arm-none-eabi/13.3.1/../../../../arm-none-eabi/lib/thumb/v7e-m+fp/hard\libc_nano.a(libc_a-impure.o)
                              C:/ST/STM32CubeIDE_1.19.0/STM32CubeIDE/plugins/com.st.stm32cube.ide.mcu.externaltools.gnu-tools-for-stm32.13.3.rel1.win32_1.0.0.202411081344/tools/bin/../lib/gcc/arm-none-eabi/13.3.1/../../../../arm-none-eabi/lib/thumb/v7e-m+fp/hard\libc_nano.a(libc_a-reent.o) (_impure_ptr)
C:/ST/STM32CubeIDE_1.19.0/STM32CubeIDE/plugins/com.st.stm32cube.ide.mcu.externaltools.gnu-tools-for-stm32.13.3.rel1.win32_1.0.0.202411081344/tools/bin/../lib/gcc/arm-none-eabi/13.3.1/../../../../arm-none-eabi/lib/thumb/v7e-m+fp/hard\libc_nano.a(libc_a-lseekr.o)
[...]
Memory Configuration

Name             Origin             Length             Attributes
RAM              0x20000000         0x00020000         xrw
FLASH            0x08000000         0x00080000         xr
*default*        0x00000000         0xffffffff

Linker script and memory map

LOAD C:/ST/STM32CubeIDE_1.19.0/STM32CubeIDE/plugins/com.st.stm32cube.ide.mcu.externaltools.gnu-tools-for-stm32.13.3.rel1.win32_1.0.0.202411081344/tools/bin/../lib/gcc/arm-none-eabi/13.3.1/thumb/v7e-m+fp/hard/crti.o
LOAD C:/ST/STM32CubeIDE_1.19.0/STM32CubeIDE/plugins/com.st.stm32cube.ide.mcu.externaltools.gnu-tools-for-stm32.13.3.rel1.win32_1.0.0.202411081344/tools/bin/../lib/gcc/arm-none-eabi/13.3.1/thumb/v7e-m+fp/hard/crtbegin.o
LOAD C:/ST/STM32CubeIDE_1.19.0/STM32CubeIDE/plugins/com.st.stm32cube.ide.mcu.externaltools.gnu-tools-for-stm32.13.3.rel1.win32_1.0.0.202411081344/tools/bin/../lib/gcc/arm-none-eabi/13.3.1/../../../../arm-none-eabi/lib/thumb/v7e-m+fp/hard/crt0.o
LOAD ./Core/Src/main.o
LOAD ./Core/Src/stm32f4xx_hal_msp.o
LOAD ./Core/Src/stm32f4xx_it.o
LOAD ./Core/Src/syscalls.o
LOAD ./Core/Src/sysmem.o
LOAD ./Core/Src/system_stm32f4xx.o
LOAD ./Core/Startup/startup_stm32f446retx.o
LOAD ./Drivers/STM32F4xx_HAL_Driver/Src/stm32f4xx_hal.o
LOAD ./Drivers/STM32F4xx_HAL_Driver/Src/stm32f4xx_hal_adc.o
LOAD ./Drivers/STM32F4xx_HAL_Driver/Src/stm32f4xx_hal_adc_ex.o
LOAD ./Drivers/STM32F4xx_HAL_Driver/Src/stm32f4xx_hal_cortex.o
LOAD ./Drivers/STM32F4xx_HAL_Driver/Src/stm32f4xx_hal_dac.o
LOAD ./Drivers/STM32F4xx_HAL_Driver/Src/stm32f4xx_hal_dac_ex.o
LOAD ./Drivers/STM32F4xx_HAL_Driver/Src/stm32f4xx_hal_dma.o
LOAD ./Drivers/STM32F4xx_HAL_Driver/Src/stm32f4xx_hal_dma_ex.o
LOAD ./Drivers/STM32F4xx_HAL_Driver/Src/stm32f4xx_hal_exti.o
LOAD ./Drivers/STM32F4xx_HAL_Driver/Src/stm32f4xx_hal_flash.o
LOAD ./Drivers/STM32F4xx_HAL_Driver/Src/stm32f4xx_hal_flash_ex.o
LOAD ./Drivers/STM32F4xx_HAL_Driver/Src/stm32f4xx_hal_flash_ramfunc.o
LOAD ./Drivers/STM32F4xx_HAL_Driver/Src/stm32f4xx_hal_gpio.o
LOAD ./Drivers/STM32F4xx_HAL_Driver/Src/stm32f4xx_hal_pwr.o
LOAD ./Drivers/STM32F4xx_HAL_Driver/Src/stm32f4xx_hal_pwr_ex.o
LOAD ./Drivers/STM32F4xx_HAL_Driver/Src/stm32f4xx_hal_rcc.o
LOAD ./Drivers/STM32F4xx_HAL_Driver/Src/stm32f4xx_hal_rcc_ex.o
LOAD ./Drivers/STM32F4xx_HAL_Driver/Src/stm32f4xx_hal_uart.o
LOAD ./Drivers/STM32F4xx_HAL_Driver/Src/stm32f4xx_ll_adc.o
LOAD ./Middlewares/Third_Party/NimaLTD_Driver/EE/ee.o
START GROUP
LOAD C:/ST/STM32CubeIDE_1.19.0/STM32CubeIDE/plugins/com.st.stm32cube.ide.mcu.externaltools.gnu-tools-for-stm32.13.3.rel1.win32_1.0.0.202411081344/tools/bin/../lib/gcc/arm-none-eabi/13.3.1/../../../../arm-none-eabi/lib/thumb/v7e-m+fp/hard\libc_nano.a
LOAD C:/ST/STM32CubeIDE_1.19.0/STM32CubeIDE/plugins/com.st.stm32cube.ide.mcu.externaltools.gnu-tools-for-stm32.13.3.rel1.win32_1.0.0.202411081344/tools/bin/../lib/gcc/arm-none-eabi/13.3.1/../../../../arm-none-eabi/lib/thumb/v7e-m+fp/hard\libm.a
END GROUP
START GROUP
LOAD C:/ST/STM32CubeIDE_1.19.0/STM32CubeIDE/plugins/com.st.stm32cube.ide.mcu.externaltools.gnu-tools-for-stm32.13.3.rel1.win32_1.0.0.202411081344/tools/bin/../lib/gcc/arm-none-eabi/13.3.1/thumb/v7e-m+fp/hard\libgcc.a
LOAD C:/ST/STM32CubeIDE_1.19.0/STM32CubeIDE/plugins/com.st.stm32cube.ide.mcu.externaltools.gnu-tools-for-stm32.13.3.rel1.win32_1.0.0.202411081344/tools/bin/../lib/gcc/arm-none-eabi/13.3.1/../../../../arm-none-eabi/lib/thumb/v7e-m+fp/hard\libc_nano.a
END GROUP
START GROUP
LOAD C:/ST/STM32CubeIDE_1.19.0/STM32CubeIDE/plugins/com.st.stm32cube.ide.mcu.externaltools.gnu-tools-for-stm32.13.3.rel1.win32_1.0.0.202411081344/tools/bin/../lib/gcc/arm-none-eabi/13.3.1/thumb/v7e-m+fp/hard\libgcc.a
LOAD C:/ST/STM32CubeIDE_1.19.0/STM32CubeIDE/plugins/com.st.stm32cube.ide.mcu.externaltools.gnu-tools-for-stm32.13.3.rel1.win32_1.0.0.202411081344/tools/bin/../lib/gcc/arm-none-eabi/13.3.1/../../../../arm-none-eabi/lib/thumb/v7e-m+fp/hard\libc_nano.a
LOAD C:/ST/STM32CubeIDE_1.19.0/STM32CubeIDE/plugins/com.st.stm32cube.ide.mcu.externaltools.gnu-tools-for-stm32.13.3.rel1.win32_1.0.0.202411081344/tools/bin/../lib/gcc/arm-none-eabi/13.3.1/../../../../arm-none-eabi/lib/thumb/v7e-m+fp/hard\libnosys.a
END GROUP
START GROUP
LOAD C:/ST/STM32CubeIDE_1.19.0/STM32CubeIDE/plugins/com.st.stm32cube.ide.mcu.externaltools.gnu-tools-for-stm32.13.3.rel1.win32_1.0.0.202411081344/tools/bin/../lib/gcc/arm-none-eabi/13.3.1/thumb/v7e-m+fp/hard\libgcc.a
LOAD C:/ST/STM32CubeIDE_1.19.0/STM32CubeIDE/plugins/com.st.stm32cube.ide.mcu.externaltools.gnu-tools-for-stm32.13.3.rel1.win32_1.0.0.202411081344/tools/bin/../lib/gcc/arm-none-eabi/13.3.1/../../../../arm-none-eabi/lib/thumb/v7e-m+fp/hard\libc_nano.a
LOAD C:/ST/STM32CubeIDE_1.19.0/STM32CubeIDE/plugins/com.st.stm32cube.ide.mcu.externaltools.gnu-tools-for-stm32.13.3.rel1.win32_1.0.0.202411081344/tools/bin/../lib/gcc/arm-none-eabi/13.3.1/../../../../arm-none-eabi/lib/thumb/v7e-m+fp/hard\libnosys.a
END GROUP
LOAD C:/ST/STM32CubeIDE_1.19.0/STM32CubeIDE/plugins/com.st.stm32cube.ide.mcu.externaltools.gnu-tools-for-stm32.13.3.rel1.win32_1.0.0.202411081344/tools/bin/../lib/gcc/arm-none-eabi/13.3.1/thumb/v7e-m+fp/hard/crtend.o
LOAD C:/ST/STM32CubeIDE_1.19.0/STM32CubeIDE/plugins/com.st.stm32cube.ide.mcu.externaltools.gnu-tools-for-stm32.13.3.rel1.win32_1.0.0.202411081344/tools/bin/../lib/gcc/arm-none-eabi/13.3.1/thumb/v7e-m+fp/hard/crtn.o
                0x20020000                        _estack = (ORIGIN (RAM) + LENGTH (RAM))
                0x00000200                        _Min_Heap_Size = 0x200
                0x00000400                        _Min_Stack_Size = 0x400

.isr_vector     0x08000000      0x1c4
                0x08000000                        . = ALIGN (0x4)
 *(.isr_vector)
 .isr_vector    0x08000000      0x1c4 ./Core/Startup/startup_stm32f446retx.o
                0x08000000                g_pfnVectors
                0x080001c4                        . = ALIGN (0x4)

.text           0x080001c4     0x39d0
                0x080001c4                        . = ALIGN (0x4)
 *(.text)
 .text          0x080001c4       0x40 C:/ST/STM32CubeIDE_1.19.0/STM32CubeIDE/plugins/com.st.stm32cube.ide.mcu.externaltools.gnu-tools-for-stm32.13.3.rel1.win32_1.0.0.202411081344/tools/bin/../lib/gcc/arm-none-eabi/13.3.1/thumb/v7e-m+fp/hard/crtbegin.o
 .text          0x08000204      0x378 C:/ST/STM32CubeIDE_1.19.0/STM32CubeIDE/plugins/com.st.stm32cube.ide.mcu.externaltools.gnu-tools-for-stm32.13.3.rel1.win32_1.0.0.202411081344/tools/bin/../lib/gcc/arm-none-eabi/13.3.1/thumb/v7e-m+fp/hard\libgcc.a(_arm_addsubdf3.o)
                0x08000204                __aeabi_drsub
                0x0800020c                __aeabi_dsub
                0x0800020c                __subdf3
                0x08000210                __aeabi_dadd
                0x08000210                __adddf3
                0x08000488                __floatunsidf
                0x08000488                __aeabi_ui2d
                0x080004a8                __floatsidf
                0x080004a8                __aeabi_i2d
                0x080004cc                __aeabi_f2d
                0x080004cc                __extendsfdf2
                0x08000510                __floatundidf
                0x08000510                __aeabi_ul2d
                0x08000520                __floatdidf
                0x08000520                __aeabi_l2d
 .text          0x0800057c      0x424 C:/ST/STM32CubeIDE_1.19.0/STM32CubeIDE/plugins/com.st.stm32cube.ide.mcu.externaltools.gnu-tools-for-stm32.13.3.rel1.win32_1.0.0.202411081344/tools/bin/../lib/gcc/arm-none-eabi/13.3.1/thumb/v7e-m+fp/hard\libgcc.a(_arm_muldivdf3.o)
                0x0800057c                __aeabi_dmul
                0x0800057c                __muldf3
                0x080007d0                __divdf3
                0x080007d0                __aeabi_ddiv
 .text          0x080009a0      0x110 C:/ST/STM32CubeIDE_1.19.0/STM32CubeIDE/plugins/com.st.stm32cube.ide.mcu.externaltools.gnu-tools-for-stm32.13.3.rel1.win32_1.0.0.202411081344/tools/bin/../lib/gcc/arm-none-eabi/13.3.1/thumb/v7e-m+fp/hard\libgcc.a(_arm_cmpdf2.o)
                0x080009a0                __gtdf2
                0x080009a0                __gedf2
                0x080009a8                __ltdf2
                0x080009a8                __ledf2
                0x080009b0                __nedf2
                0x080009b0                __eqdf2
                0x080009b0                __cmpdf2
                0x08000a2c                __aeabi_cdrcmple
                0x08000a3c                __aeabi_cdcmpeq
                0x08000a3c                __aeabi_cdcmple
                0x08000a4c                __aeabi_dcmpeq
                0x08000a60                __aeabi_dcmplt
                0x08000a74                __aeabi_dcmple
                0x08000a88                __aeabi_dcmpge
                0x08000a9c                __aeabi_dcmpgt
 .text          0x08000ab0       0x40 C:/ST/STM32CubeIDE_1.19.0/STM32CubeIDE/plugins/com.st.stm32cube.ide.mcu.externaltools.gnu-tools-for-stm32.13.3.rel1.win32_1.0.0.202411081344/tools/bin/../lib/gcc/arm-none-eabi/13.3.1/thumb/v7e-m+fp/hard\libgcc.a(_arm_fixunsdfsi.o)
                0x08000ab0                __aeabi_d2uiz
                0x08000ab0                __fixunsdfsi
 .text          0x08000af0       0x30 C:/ST/STM32CubeIDE_1.19.0/STM32CubeIDE/plugins/com.st.stm32cube.ide.mcu.externaltools.gnu-tools-for-stm32.13.3.rel1.win32_1.0.0.202411081344/tools/bin/../lib/gcc/arm-none-eabi/13.3.1/thumb/v7e-m+fp/hard\libgcc.a(_aeabi_uldivmod.o)
                0x08000af0                __aeabi_uldivmod
 .text          0x08000b20      0x2f8 C:/ST/STM32CubeIDE_1.19.0/STM32CubeIDE/plugins/com.st.stm32cube.ide.mcu.externaltools.gnu-tools-for-stm32.13.3.rel1.win32_1.0.0.202411081344/tools/bin/../lib/gcc/arm-none-eabi/13.3.1/thumb/v7e-m+fp/hard\libgcc.a(_udivmoddi4.o)
                0x08000b20                __udivmoddi4
 .text          0x08000e18        0x4 C:/ST/STM32CubeIDE_1.19.0/STM32CubeIDE/plugins/com.st.stm32cube.ide.mcu.externaltools.gnu-tools-for-stm32.13.3.rel1.win32_1.0.0.202411081344/tools/bin/../lib/gcc/arm-none-eabi/13.3.1/thumb/v7e-m+fp/hard\libgcc.a(_dvmd_tls.o)
                0x08000e18                __aeabi_idiv0
                0x08000e18                __aeabi_ldiv0
 *(.text*)
 .text.main     0x08000e1c      0x384 ./Core/Src/main.o
                0x08000e1c                main
 .text.SystemClock_Config
                0x080011a0       0xdc ./Core/Src/main.o
                0x080011a0                SystemClock_Config
 .text.MX_ADC1_Init
                0x0800127c       0xa4 ./Core/Src/main.o
 .text.MX_ADC2_Init
                0x08001320       0xa4 ./Core/Src/main.o
 .text.MX_DAC_Init
                0x080013c4       0x68 ./Core/Src/main.o
 .text.MX_USART2_UART_Init
                0x0800142c       0x54 ./Core/Src/main.o
 .text.MX_GPIO_Init
                0x08001480      0x118 ./Core/Src/main.o
 .text.HAL_GPIO_EXTI_Callback
                0x08001598       0x38 ./Core/Src/main.o
                0x08001598                HAL_GPIO_EXTI_Callback
 .text.Error_Handler
                0x080015d0        0xc ./Core/Src/main.o
                0x080015d0                Error_Handler
 .text.HAL_MspInit
                0x080015dc       0x50 ./Core/Src/stm32f4xx_hal_msp.o
                0x080015dc                HAL_MspInit
 .text.HAL_ADC_MspInit
                0x0800162c       0xe8 ./Core/Src/stm32f4xx_hal_msp.o
                0x0800162c                HAL_ADC_MspInit
 .text.HAL_DAC_MspInit
                0x08001714       0x88 ./Core/Src/stm32f4xx_hal_msp.o
                0x08001714                HAL_DAC_MspInit
 .text.HAL_UART_MspInit
                0x0800179c       0x90 ./Core/Src/stm32f4xx_hal_msp.o
                0x0800179c                HAL_UART_MspInit
 .text.NMI_Handler
                0x0800182c        0x8 ./Core/Src/stm32f4xx_it.o
                0x0800182c                NMI_Handler
 .text.HardFault_Handler
                0x08001834        0x8 ./Core/Src/stm32f4xx_it.o
                0x08001834                HardFault_Handler
 .text.MemManage_Handler
                0x0800183c        0x8 ./Core/Src/stm32f4xx_it.o
                0x0800183c                MemManage_Handler
 .text.BusFault_Handler
                0x08001844        0x8 ./Core/Src/stm32f4xx_it.o
                0x08001844                BusFault_Handler
 .text.UsageFault_Handler
                0x0800184c        0x8 ./Core/Src/stm32f4xx_it.o
                0x0800184c                UsageFault_Handler
 .text.SVC_Handler
                0x08001854        0xe ./Core/Src/stm32f4xx_it.o
                0x08001854                SVC_Handler
 .text.DebugMon_Handler
                0x08001862        0xe ./Core/Src/stm32f4xx_it.o
                0x08001862                DebugMon_Handler
 .text.PendSV_Handler
                0x08001870        0xe ./Core/Src/stm32f4xx_it.o
                0x08001870                PendSV_Handler
 .text.SysTick_Handler
                0x0800187e        0xc ./Core/Src/stm32f4xx_it.o
                0x0800187e                SysTick_Handler
 .text.EXTI1_IRQHandler
                0x0800188a        0xe ./Core/Src/stm32f4xx_it.o
                0x0800188a                EXTI1_IRQHandler
 .text.EXTI2_IRQHandler
                0x08001898        0xe ./Core/Src/stm32f4xx_it.o
                0x08001898                EXTI2_IRQHandler
 *fill*         0x080018a6        0x2 
 .text.SystemInit
                0x080018a8       0x24 ./Core/Src/system_stm32f4xx.o
                0x080018a8                SystemInit
 .text.Reset_Handler
                0x080018cc       0x50 ./Core/Startup/startup_stm32f446retx.o
                0x080018cc                Reset_Handler
 .text.Default_Handler
                0x0800191c        0x2 ./Core/Startup/startup_stm32f446retx.o
                0x0800191c                RTC_Alarm_IRQHandler
                0x0800191c                TIM8_CC_IRQHandler
                0x0800191c                FMPI2C1_EV_IRQHandler
                0x0800191c                SPI4_IRQHandler
                0x0800191c                TIM1_CC_IRQHandler
                0x0800191c                DMA2_Stream5_IRQHandler
                0x0800191c                DMA1_Stream5_IRQHandler
                0x0800191c                PVD_IRQHandler
                0x0800191c                SDIO_IRQHandler
                0x0800191c                TAMP_STAMP_IRQHandler
                0x0800191c                CAN2_RX1_IRQHandler
                0x0800191c                EXTI3_IRQHandler
                0x0800191c                TIM8_TRG_COM_TIM14_IRQHandler
                0x0800191c                TIM1_UP_TIM10_IRQHandler
                0x0800191c                TIM8_UP_TIM13_IRQHandler
                0x0800191c                I2C3_ER_IRQHandler
                0x0800191c                EXTI0_IRQHandler
                0x0800191c                I2C2_EV_IRQHandler
                0x0800191c                DMA1_Stream2_IRQHandler
                0x0800191c                CAN1_RX0_IRQHandler
                0x0800191c                FPU_IRQHandler
                0x0800191c                OTG_HS_WKUP_IRQHandler
                0x0800191c                CAN2_SCE_IRQHandler
                0x0800191c                DMA2_Stream2_IRQHandler
                0x0800191c                SPI1_IRQHandler
                0x0800191c                TIM6_DAC_IRQHandler
                0x0800191c                TIM1_BRK_TIM9_IRQHandler
                0x0800191c                DCMI_IRQHandler
                0x0800191c                CAN2_RX0_IRQHandler
                0x0800191c                DMA2_Stream3_IRQHandler
                0x0800191c                SAI2_IRQHandler
                0x0800191c                USART6_IRQHandler
                0x0800191c                USART3_IRQHandler
                0x0800191c                CAN1_RX1_IRQHandler
                0x0800191c                UART5_IRQHandler
                0x0800191c                DMA2_Stream0_IRQHandler
                0x0800191c                TIM4_IRQHandler
                0x0800191c                QUADSPI_IRQHandler
                0x0800191c                I2C1_EV_IRQHandler
                0x0800191c                DMA1_Stream6_IRQHandler
                0x0800191c                DMA1_Stream1_IRQHandler
                0x0800191c                UART4_IRQHandler
                0x0800191c                TIM3_IRQHandler
                0x0800191c                RCC_IRQHandler
                0x0800191c                TIM8_BRK_TIM12_IRQHandler
                0x0800191c                Default_Handler
                0x0800191c                CEC_IRQHandler
                0x0800191c                EXTI15_10_IRQHandler
                0x0800191c                ADC_IRQHandler
                0x0800191c                DMA1_Stream7_IRQHandler
                0x0800191c                TIM7_IRQHandler
                0x0800191c                CAN2_TX_IRQHandler
                0x0800191c                TIM5_IRQHandler
                0x0800191c                DMA2_Stream7_IRQHandler
                0x0800191c                I2C3_EV_IRQHandler
                0x0800191c                EXTI9_5_IRQHandler
                0x0800191c                RTC_WKUP_IRQHandler
                0x0800191c                SPDIF_RX_IRQHandler
                0x0800191c                SPI2_IRQHandler
                0x0800191c                OTG_HS_EP1_IN_IRQHandler
                0x0800191c                DMA1_Stream0_IRQHandler
                0x0800191c                CAN1_TX_IRQHandler
                0x0800191c                FMPI2C1_ER_IRQHandler
                0x0800191c                EXTI4_IRQHandler
                0x0800191c                OTG_HS_EP1_OUT_IRQHandler
                0x0800191c                WWDG_IRQHandler
                0x0800191c                TIM2_IRQHandler
                0x0800191c                OTG_FS_WKUP_IRQHandler
                0x0800191c                TIM1_TRG_COM_TIM11_IRQHandler
                0x0800191c                OTG_HS_IRQHandler
                0x0800191c                USART2_IRQHandler
                0x0800191c                I2C2_ER_IRQHandler
                0x0800191c                DMA2_Stream1_IRQHandler
                0x0800191c                CAN1_SCE_IRQHandler
                0x0800191c                FLASH_IRQHandler
                0x0800191c                DMA2_Stream4_IRQHandler
                0x0800191c                USART1_IRQHandler
                0x0800191c                OTG_FS_IRQHandler
                0x0800191c                SPI3_IRQHandler
                0x0800191c                DMA1_Stream4_IRQHandler
                0x0800191c                I2C1_ER_IRQHandler
                0x0800191c                FMC_IRQHandler
                0x0800191c                DMA2_Stream6_IRQHandler
                0x0800191c                SAI1_IRQHandler
                0x0800191c                DMA1_Stream3_IRQHandler
 *fill*         0x0800191e        0x2 
 .text.HAL_Init
                0x08001920       0x44 ./Drivers/STM32F4xx_HAL_Driver/Src/stm32f4xx_hal.o
                0x08001920                HAL_Init
 .text.HAL_InitTick
                0x08001964       0x60 ./Drivers/STM32F4xx_HAL_Driver/Src/stm32f4xx_hal.o
                0x08001964                HAL_InitTick
 .text.HAL_IncTick
                0x080019c4       0x28 ./Drivers/STM32F4xx_HAL_Driver/Src/stm32f4xx_hal.o
                0x080019c4                HAL_IncTick
 .text.HAL_GetTick
                0x080019ec       0x18 ./Drivers/STM32F4xx_HAL_Driver/Src/stm32f4xx_hal.o
                0x080019ec                HAL_GetTick
 .text.HAL_ADC_Init
                0x08001a04       0x86 ./Drivers/STM32F4xx_HAL_Driver/Src/stm32f4xx_hal_adc.o
                0x08001a04                HAL_ADC_Init
 *fill*         0x08001a8a        0x2 
 .text.HAL_ADC_Start
                0x08001a8c      0x1a4 ./Drivers/STM32F4xx_HAL_Driver/Src/stm32f4xx_hal_adc.o
                0x08001a8c                HAL_ADC_Start
 .text.HAL_ADC_Stop
                0x08001c30       0x66 ./Drivers/STM32F4xx_HAL_Driver/Src/stm32f4xx_hal_adc.o
                0x08001c30                HAL_ADC_Stop
 .text.HAL_ADC_PollForConversion
                0x08001c96      0x116 ./Drivers/STM32F4xx_HAL_Driver/Src/stm32f4xx_hal_adc.o
                0x08001c96                HAL_ADC_PollForConversion
 .text.HAL_ADC_GetValue
                0x08001dac       0x1a ./Drivers/STM32F4xx_HAL_Driver/Src/stm32f4xx_hal_adc.o
                0x08001dac                HAL_ADC_GetValue
 *fill*         0x08001dc6        0x2 
 .text.HAL_ADC_ConfigChannel
                0x08001dc8      0x264 ./Drivers/STM32F4xx_HAL_Driver/Src/stm32f4xx_hal_adc.o
                0x08001dc8                HAL_ADC_ConfigChannel
 .text.ADC_Init
                0x0800202c      0x1f8 ./Drivers/STM32F4xx_HAL_Driver/Src/stm32f4xx_hal_adc.o
 .text.__NVIC_SetPriorityGrouping
                0x08002224       0x48 ./Drivers/STM32F4xx_HAL_Driver/Src/stm32f4xx_hal_cortex.o
 .text.__NVIC_GetPriorityGrouping
                0x0800226c       0x1c ./Drivers/STM32F4xx_HAL_Driver/Src/stm32f4xx_hal_cortex.o
 .text.__NVIC_EnableIRQ
                0x08002288       0x3c ./Drivers/STM32F4xx_HAL_Driver/Src/stm32f4xx_hal_cortex.o
 .text.__NVIC_SetPriority
                0x080022c4       0x54 ./Drivers/STM32F4xx_HAL_Driver/Src/stm32f4xx_hal_cortex.o
 .text.NVIC_EncodePriority
                0x08002318       0x66 ./Drivers/STM32F4xx_HAL_Driver/Src/stm32f4xx_hal_cortex.o
 *fill*         0x0800237e        0x2 
 .text.SysTick_Config
                0x08002380       0x44 ./Drivers/STM32F4xx_HAL_Driver/Src/stm32f4xx_hal_cortex.o
 .text.HAL_NVIC_SetPriorityGrouping
                0x080023c4       0x16 ./Drivers/STM32F4xx_HAL_Driver/Src/stm32f4xx_hal_cortex.o
                0x080023c4                HAL_NVIC_SetPriorityGrouping
 .text.HAL_NVIC_SetPriority
                0x080023da       0x38 ./Drivers/STM32F4xx_HAL_Driver/Src/stm32f4xx_hal_cortex.o
                0x080023da                HAL_NVIC_SetPriority
 .text.HAL_NVIC_EnableIRQ
                0x08002412       0x1c ./Drivers/STM32F4xx_HAL_Driver/Src/stm32f4xx_hal_cortex.o
                0x08002412                HAL_NVIC_EnableIRQ
 .text.HAL_SYSTICK_Config
                0x0800242e       0x18 ./Drivers/STM32F4xx_HAL_Driver/Src/stm32f4xx_hal_cortex.o
                0x0800242e                HAL_SYSTICK_Config
 .text.HAL_DAC_Init
                0x08002446       0x44 ./Drivers/STM32F4xx_HAL_Driver/Src/stm32f4xx_hal_dac.o
                0x08002446                HAL_DAC_Init
 .text.HAL_DAC_Start
                0x0800248a       0xae ./Drivers/STM32F4xx_HAL_Driver/Src/stm32f4xx_hal_dac.o
                0x0800248a                HAL_DAC_Start
 .text.HAL_DAC_SetValue
                0x08002538       0x54 ./Drivers/STM32F4xx_HAL_Driver/Src/stm32f4xx_hal_dac.o
                0x08002538                HAL_DAC_SetValue
 .text.HAL_DAC_ConfigChannel
                0x0800258c       0xb2 ./Drivers/STM32F4xx_HAL_Driver/Src/stm32f4xx_hal_dac.o
                0x0800258c                HAL_DAC_ConfigChannel
 *fill*         0x0800263e        0x2 
 .text.HAL_GPIO_Init
                0x08002640      0x328 ./Drivers/STM32F4xx_HAL_Driver/Src/stm32f4xx_hal_gpio.o
                0x08002640                HAL_GPIO_Init
 .text.HAL_GPIO_WritePin
                0x08002968       0x32 ./Drivers/STM32F4xx_HAL_Driver/Src/stm32f4xx_hal_gpio.o
                0x08002968                HAL_GPIO_WritePin
 *fill*         0x0800299a        0x2 
 .text.HAL_GPIO_EXTI_IRQHandler
                0x0800299c       0x30 ./Drivers/STM32F4xx_HAL_Driver/Src/stm32f4xx_hal_gpio.o
                0x0800299c                HAL_GPIO_EXTI_IRQHandler
 .text.HAL_RCC_ClockConfig
                0x080029cc      0x1cc ./Drivers/STM32F4xx_HAL_Driver/Src/stm32f4xx_hal_rcc.o
                0x080029cc                HAL_RCC_ClockConfig
 .text.HAL_RCC_GetHCLKFreq
                0x08002b98       0x18 ./Drivers/STM32F4xx_HAL_Driver/Src/stm32f4xx_hal_rcc.o
                0x08002b98                HAL_RCC_GetHCLKFreq
 .text.HAL_RCC_GetPCLK1Freq
                0x08002bb0       0x28 ./Drivers/STM32F4xx_HAL_Driver/Src/stm32f4xx_hal_rcc.o
                0x08002bb0                HAL_RCC_GetPCLK1Freq
 .text.HAL_RCC_GetPCLK2Freq
                0x08002bd8       0x28 ./Drivers/STM32F4xx_HAL_Driver/Src/stm32f4xx_hal_rcc.o
                0x08002bd8                HAL_RCC_GetPCLK2Freq
 .text.HAL_RCC_GetSysClockFreq
                0x08002c00      0x460 ./Drivers/STM32F4xx_HAL_Driver/Src/stm32f4xx_hal_rcc_ex.o
                0x08002c00                HAL_RCC_GetSysClockFreq
 .text.HAL_RCC_OscConfig
                0x08003060      0x53c ./Drivers/STM32F4xx_HAL_Driver/Src/stm32f4xx_hal_rcc_ex.o
                0x08003060                HAL_RCC_OscConfig
 .text.HAL_UART_Init
                0x0800359c       0xa0 ./Drivers/STM32F4xx_HAL_Driver/Src/stm32f4xx_hal_uart.o
                0x0800359c                HAL_UART_Init
 .text.UART_SetConfig
                0x0800363c      0x4e8 ./Drivers/STM32F4xx_HAL_Driver/Src/stm32f4xx_hal_uart.o
 .text.memset   0x08003b24       0x10 C:/ST/STM32CubeIDE_1.19.0/STM32CubeIDE/plugins/com.st.stm32cube.ide.mcu.externaltools.gnu-tools-for-stm32.13.3.rel1.win32_1.0.0.202411081344/tools/bin/../lib/gcc/arm-none-eabi/13.3.1/../../../../arm-none-eabi/lib/thumb/v7e-m+fp/hard\libc_nano.a(libc_a-memset.o)
                0x08003b24                memset
 .text.__libc_init_array
                0x08003b34       0x48 C:/ST/STM32CubeIDE_1.19.0/STM32CubeIDE/plugins/com.st.stm32cube.ide.mcu.externaltools.gnu-tools-for-stm32.13.3.rel1.win32_1.0.0.202411081344/tools/bin/../lib/gcc/arm-none-eabi/13.3.1/../../../../arm-none-eabi/lib/thumb/v7e-m+fp/hard\libc_nano.a(libc_a-init.o)
                0x08003b34                __libc_init_array
 *(.glue_7)
 .glue_7        0x08003b7c        0x0 linker stubs
 *(.glue_7t)
 .glue_7t       0x08003b7c        0x0 linker stubs
 *(.eh_frame)
 .eh_frame      0x08003b7c        0x0 C:/ST/STM32CubeIDE_1.19.0/STM32CubeIDE/plugins/com.st.stm32cube.ide.mcu.externaltools.gnu-tools-for-stm32.13.3.rel1.win32_1.0.0.202411081344/tools/bin/../lib/gcc/arm-none-eabi/13.3.1/thumb/v7e-m+fp/hard/crtbegin.o
 *(.init)
 .init          0x08003b7c        0x4 C:/ST/STM32CubeIDE_1.19.0/STM32CubeIDE/plugins/com.st.stm32cube.ide.mcu.externaltools.gnu-tools-for-stm32.13.3.rel1.win32_1.0.0.202411081344/tools/bin/../lib/gcc/arm-none-eabi/13.3.1/thumb/v7e-m+fp/hard/crti.o
                0x08003b7c                _init
 .init          0x08003b80        0x8 C:/ST/STM32CubeIDE_1.19.0/STM32CubeIDE/plugins/com.st.stm32cube.ide.mcu.externaltools.gnu-tools-for-stm32.13.3.rel1.win32_1.0.0.202411081344/tools/bin/../lib/gcc/arm-none-eabi/13.3.1/thumb/v7e-m+fp/hard/crtn.o
 *(.fini)
 .fini          0x08003b88        0x4 C:/ST/STM32CubeIDE_1.19.0/STM32CubeIDE/plugins/com.st.stm32cube.ide.mcu.externaltools.gnu-tools-for-stm32.13.3.rel1.win32_1.0.0.202411081344/tools/bin/../lib/gcc/arm-none-eabi/13.3.1/thumb/v7e-m+fp/hard/crti.o
                0x08003b88                _fini
 .fini          0x08003b8c        0x8 C:/ST/STM32CubeIDE_1.19.0/STM32CubeIDE/plugins/com.st.stm32cube.ide.mcu.externaltools.gnu-tools-for-stm32.13.3.rel1.win32_1.0.0.202411081344/tools/bin/../lib/gcc/arm-none-eabi/13.3.1/thumb/v7e-m+fp/hard/crtn.o
                0x08003b94                        . = ALIGN (0x4)
                0x08003b94                        _etext = .

.vfp11_veneer   0x08003b94        0x0
 .vfp11_veneer  0x08003b94        0x0 linker stubs

.v4_bx          0x08003b94        0x0
 .v4_bx         0x08003b94        0x0 linker stubs

.iplt           0x08003b94        0x0
 .iplt          0x08003b94        0x0 C:/ST/STM32CubeIDE_1.19.0/STM32CubeIDE/plugins/com.st.stm32cube.ide.mcu.externaltools.gnu-tools-for-stm32.13.3.rel1.win32_1.0.0.202411081344/tools/bin/../lib/gcc/arm-none-eabi/13.3.1/thumb/v7e-m+fp/hard/crtbegin.o

.rodata         0x08003b94       0x18
                0x08003b94                        . = ALIGN (0x4)
 *(.rodata)
 *(.rodata*)
 .rodata.AHBPrescTable
                0x08003b94       0x10 ./Core/Src/system_stm32f4xx.o
                0x08003b94                AHBPrescTable
 .rodata.APBPrescTable
                0x08003ba4        0x8 ./Core/Src/system_stm32f4xx.o
                0x08003ba4                APBPrescTable
                0x08003bac                        . = ALIGN (0x4)

.ARM.extab      0x08003bac        0x0
                0x08003bac                        . = ALIGN (0x4)
 *(.ARM.extab* .gnu.linkonce.armextab.*)
                0x08003bac                        . = ALIGN (0x4)

.ARM            0x08003bac        0x8
                0x08003bac                        . = ALIGN (0x4)
                0x08003bac                        __exidx_start = .
 *(.ARM.exidx*)
 .ARM.exidx     0x08003bac        0x8 C:/ST/STM32CubeIDE_1.19.0/STM32CubeIDE/plugins/com.st.stm32cube.ide.mcu.externaltools.gnu-tools-for-stm32.13.3.rel1.win32_1.0.0.202411081344/tools/bin/../lib/gcc/arm-none-eabi/13.3.1/thumb/v7e-m+fp/hard\libgcc.a(_udivmoddi4.o)
                0x08003bb4                        __exidx_end = .
                0x08003bb4                        . = ALIGN (0x4)

.preinit_array  0x08003bb4        0x0
                0x08003bb4                        . = ALIGN (0x4)
                0x08003bb4                        PROVIDE (__preinit_array_start = .)
 *(.preinit_array*)
                0x08003bb4                        PROVIDE (__preinit_array_end = .)
                0x08003bb4                        . = ALIGN (0x4)

.init_array     0x08003bb4        0x4
                0x08003bb4                        . = ALIGN (0x4)
                0x08003bb4                        PROVIDE (__init_array_start = .)
 *(SORT_BY_NAME(.init_array.*))
 *(.init_array*)
 .init_array    0x08003bb4        0x4 C:/ST/STM32CubeIDE_1.19.0/STM32CubeIDE/plugins/com.st.stm32cube.ide.mcu.externaltools.gnu-tools-for-stm32.13.3.rel1.win32_1.0.0.202411081344/tools/bin/../lib/gcc/arm-none-eabi/13.3.1/thumb/v7e-m+fp/hard/crtbegin.o
                0x08003bb8                        PROVIDE (__init_array_end = .)
                0x08003bb8                        . = ALIGN (0x4)

.fini_array     0x08003bb8        0x4
                0x08003bb8                        . = ALIGN (0x4)
                [!provide]                        PROVIDE (__fini_array_start = .)
 *(SORT_BY_NAME(.fini_array.*))
 *(.fini_array*)
 .fini_array    0x08003bb8        0x4 C:/ST/STM32CubeIDE_1.19.0/STM32CubeIDE/plugins/com.st.stm32cube.ide.mcu.externaltools.gnu-tools-for-stm32.13.3.rel1.win32_1.0.0.202411081344/tools/bin/../lib/gcc/arm-none-eabi/13.3.1/thumb/v7e-m+fp/hard/crtbegin.o
                [!provide]                        PROVIDE (__fini_array_end = .)
                0x08003bbc                        . = ALIGN (0x4)
                0x08003bbc                        _sidata = LOADADDR (.data)

.rel.dyn        0x08003bbc        0x0
 .rel.iplt      0x08003bbc        0x0 C:/ST/STM32CubeIDE_1.19.0/STM32CubeIDE/plugins/com.st.stm32cube.ide.mcu.externaltools.gnu-tools-for-stm32.13.3.rel1.win32_1.0.0.202411081344/tools/bin/../lib/gcc/arm-none-eabi/13.3.1/thumb/v7e-m+fp/hard/crtbegin.o

.data           0x20000000       0x14 load address 0x08003bbc
                0x20000000                        . = ALIGN (0x4)
                0x20000000                        _sdata = .
 *(.data)
 *(.data*)
 .data.sensAcceptibleDiff
                0x20000000        0x8 ./Core/Src/main.o
                0x20000000                sensAcceptibleDiff
 .data.SystemCoreClock
                0x20000008        0x4 ./Core/Src/system_stm32f4xx.o
                0x20000008                SystemCoreClock
 .data.uwTickPrio
                0x2000000c        0x4 ./Drivers/STM32F4xx_HAL_Driver/Src/stm32f4xx_hal.o
                0x2000000c                uwTickPrio
 .data.uwTickFreq
                0x20000010        0x1 ./Drivers/STM32F4xx_HAL_Driver/Src/stm32f4xx_hal.o
                0x20000010                uwTickFreq
 *(.RamFunc)
 *(.RamFunc*)
                0x20000014                        . = ALIGN (0x4)
 *fill*         0x20000011        0x3 
                0x20000014                        _edata = .

.igot.plt       0x20000014        0x0 load address 0x08003bd0
 .igot.plt      0x20000014        0x0 C:/ST/STM32CubeIDE_1.19.0/STM32CubeIDE/plugins/com.st.stm32cube.ide.mcu.externaltools.gnu-tools-for-stm32.13.3.rel1.win32_1.0.0.202411081344/tools/bin/../lib/gcc/arm-none-eabi/13.3.1/thumb/v7e-m+fp/hard/crtbegin.o
                0x20000014                        . = ALIGN (0x4)

.bss            0x20000014      0x13c load address 0x08003bd0
                0x20000014                        _sbss = .
                0x20000014                        __bss_start__ = _sbss
 *(.bss)
 .bss           0x20000014       0x1c C:/ST/STM32CubeIDE_1.19.0/STM32CubeIDE/plugins/com.st.stm32cube.ide.mcu.externaltools.gnu-tools-for-stm32.13.3.rel1.win32_1.0.0.202411081344/tools/bin/../lib/gcc/arm-none-eabi/13.3.1/thumb/v7e-m+fp/hard/crtbegin.o
 *(.bss*)
 .bss.hadc1     0x20000030       0x48 ./Core/Src/main.o
                0x20000030                hadc1
 .bss.hadc2     0x20000078       0x48 ./Core/Src/main.o
                0x20000078                hadc2
 .bss.hdac      0x200000c0       0x14 ./Core/Src/main.o
                0x200000c0                hdac
 .bss.huart2    0x200000d4       0x48 ./Core/Src/main.o
                0x200000d4                huart2
 .bss.ee_data   0x2000011c       0x14 ./Core/Src/main.o
                0x2000011c                ee_data
 .bss.sens1UpperBound
                0x20000130        0x4 ./Core/Src/main.o
                0x20000130                sens1UpperBound
 .bss.sens1LowerBound
                0x20000134        0x4 ./Core/Src/main.o
                0x20000134                sens1LowerBound
 .bss.sens2UpperBound
                0x20000138        0x4 ./Core/Src/main.o
                0x20000138                sens2UpperBound
 .bss.sens2LowerBound
                0x2000013c        0x4 ./Core/Src/main.o
                0x2000013c                sens2LowerBound
 .bss.sens1PB0  0x20000140        0x2 ./Core/Src/main.o
                0x20000140                sens1PB0
 .bss.sens2PB1  0x20000142        0x2 ./Core/Src/main.o
                0x20000142                sens2PB1
 .bss.lowerBoundInterruptLatch
                0x20000144        0x4 ./Core/Src/main.o
                0x20000144                lowerBoundInterruptLatch
 .bss.upperBoundInterruptLatch
                0x20000148        0x4 ./Core/Src/main.o
                0x20000148                upperBoundInterruptLatch
 .bss.uwTick    0x2000014c        0x4 ./Drivers/STM32F4xx_HAL_Driver/Src/stm32f4xx_hal.o
                0x2000014c                uwTick
 *(COMMON)
                0x20000150                        . = ALIGN (0x4)
                0x20000150                        _ebss = .
                0x20000150                        __bss_end__ = _ebss

._user_heap_stack
                0x20000150      0x600 load address 0x08003bd0
                0x20000150                        . = ALIGN (0x8)
                [!provide]                        PROVIDE (end = .)
                0x20000150                        PROVIDE (_end = .)
                0x20000350                        . = (. + _Min_Heap_Size)
 *fill*         0x20000150      0x200 
                0x20000750                        . = (. + _Min_Stack_Size)
 *fill*         0x20000350      0x400 
                0x20000750                        . = ALIGN (0x8)

/DISCARD/
 libc.a(*)
 libm.a(*)
 libgcc.a(*)

.ARM.attributes
                0x00000000       0x30
 *(.ARM.attributes)
 .ARM.attributes
                0x00000000       0x22 C:/ST/STM32CubeIDE_1.19.0/STM32CubeIDE/plugins/com.st.stm32cube.ide.mcu.externaltools.gnu-tools-for-stm32.13.3.rel1.win32_1.0.0.202411081344/tools/bin/../lib/gcc/arm-none-eabi/13.3.1/thumb/v7e-m+fp/hard/crti.o
 .ARM.attributes
                0x00000022       0x34 C:/ST/STM32CubeIDE_1.19.0/STM32CubeIDE/plugins/com.st.stm32cube.ide.mcu.externaltools.gnu-tools-for-stm32.13.3.rel1.win32_1.0.0.202411081344/tools/bin/../lib/gcc/arm-none-eabi/13.3.1/thumb/v7e-m+fp/hard/crtbegin.o
 .ARM.attributes
                0x00000056       0x34 ./Core/Src/main.o
 .ARM.attributes
                0x0000008a       0x34 ./Core/Src/stm32f4xx_hal_msp.o
 .ARM.attributes
                0x000000be       0x34 ./Core/Src/stm32f4xx_it.o
 .ARM.attributes
                0x000000f2       0x34 ./Core/Src/system_stm32f4xx.o
 .ARM.attributes
                0x00000126       0x21 ./Core/Startup/startup_stm32f446retx.o
 .ARM.attributes
                0x00000147       0x34 ./Drivers/STM32F4xx_HAL_Driver/Src/stm32f4xx_hal.o
 .ARM.attributes
                0x0000017b       0x34 ./Drivers/STM32F4xx_HAL_Driver/Src/stm32f4xx_hal_adc.o
 .ARM.attributes
                0x000001af       0x34 ./Drivers/STM32F4xx_HAL_Driver/Src/stm32f4xx_hal_cortex.o
 .ARM.attributes
                0x000001e3       0x34 ./Drivers/STM32F4xx_HAL_Driver/Src/stm32f4xx_hal_dac.o
 .ARM.attributes
                0x00000217       0x34 ./Drivers/STM32F4xx_HAL_Driver/Src/stm32f4xx_hal_gpio.o
 .ARM.attributes
                0x0000024b       0x34 ./Drivers/STM32F4xx_HAL_Driver/Src/stm32f4xx_hal_rcc.o
 .ARM.attributes
                0x0000027f       0x34 ./Drivers/STM32F4xx_HAL_Driver/Src/stm32f4xx_hal_rcc_ex.o
 .ARM.attributes
                0x000002b3       0x34 ./Drivers/STM32F4xx_HAL_Driver/Src/stm32f4xx_hal_uart.o
 .ARM.attributes
                0x000002e7       0x34 C:/ST/STM32CubeIDE_1.19.0/STM32CubeIDE/plugins/com.st.stm32cube.ide.mcu.externaltools.gnu-tools-for-stm32.13.3.rel1.win32_1.0.0.202411081344/tools/bin/../lib/gcc/arm-none-eabi/13.3.1/../../../../arm-none-eabi/lib/thumb/v7e-m+fp/hard\libc_nano.a(libc_a-memset.o)
 .ARM.attributes
                0x0000031b       0x34 C:/ST/STM32CubeIDE_1.19.0/STM32CubeIDE/plugins/com.st.stm32cube.ide.mcu.externaltools.gnu-tools-for-stm32.13.3.rel1.win32_1.0.0.202411081344/tools/bin/../lib/gcc/arm-none-eabi/13.3.1/../../../../arm-none-eabi/lib/thumb/v7e-m+fp/hard\libc_nano.a(libc_a-init.o)
 .ARM.attributes
                0x0000034f       0x22 C:/ST/STM32CubeIDE_1.19.0/STM32CubeIDE/plugins/com.st.stm32cube.ide.mcu.externaltools.gnu-tools-for-stm32.13.3.rel1.win32_1.0.0.202411081344/tools/bin/../lib/gcc/arm-none-eabi/13.3.1/thumb/v7e-m+fp/hard\libgcc.a(_arm_addsubdf3.o)
 .ARM.attributes
                0x00000371       0x22 C:/ST/STM32CubeIDE_1.19.0/STM32CubeIDE/plugins/com.st.stm32cube.ide.mcu.externaltools.gnu-tools-for-stm32.13.3.rel1.win32_1.0.0.202411081344/tools/bin/../lib/gcc/arm-none-eabi/13.3.1/thumb/v7e-m+fp/hard\libgcc.a(_arm_muldivdf3.o)
 .ARM.attributes
                0x00000393       0x22 C:/ST/STM32CubeIDE_1.19.0/STM32CubeIDE/plugins/com.st.stm32cube.ide.mcu.externaltools.gnu-tools-for-stm32.13.3.rel1.win32_1.0.0.202411081344/tools/bin/../lib/gcc/arm-none-eabi/13.3.1/thumb/v7e-m+fp/hard\libgcc.a(_arm_cmpdf2.o)
 .ARM.attributes
                0x000003b5       0x22 C:/ST/STM32CubeIDE_1.19.0/STM32CubeIDE/plugins/com.st.stm32cube.ide.mcu.externaltools.gnu-tools-for-stm32.13.3.rel1.win32_1.0.0.202411081344/tools/bin/../lib/gcc/arm-none-eabi/13.3.1/thumb/v7e-m+fp/hard\libgcc.a(_arm_fixunsdfsi.o)
 .ARM.attributes
                0x000003d7       0x22 C:/ST/STM32CubeIDE_1.19.0/STM32CubeIDE/plugins/com.st.stm32cube.ide.mcu.externaltools.gnu-tools-for-stm32.13.3.rel1.win32_1.0.0.202411081344/tools/bin/../lib/gcc/arm-none-eabi/13.3.1/thumb/v7e-m+fp/hard\libgcc.a(_aeabi_uldivmod.o)
 .ARM.attributes
                0x000003f9       0x34 C:/ST/STM32CubeIDE_1.19.0/STM32CubeIDE/plugins/com.st.stm32cube.ide.mcu.externaltools.gnu-tools-for-stm32.13.3.rel1.win32_1.0.0.202411081344/tools/bin/../lib/gcc/arm-none-eabi/13.3.1/thumb/v7e-m+fp/hard\libgcc.a(_udivmoddi4.o)
 .ARM.attributes
                0x0000042d       0x22 C:/ST/STM32CubeIDE_1.19.0/STM32CubeIDE/plugins/com.st.stm32cube.ide.mcu.externaltools.gnu-tools-for-stm32.13.3.rel1.win32_1.0.0.202411081344/tools/bin/../lib/gcc/arm-none-eabi/13.3.1/thumb/v7e-m+fp/hard\libgcc.a(_dvmd_tls.o)
 .ARM.attributes
                0x0000044f       0x22 C:/ST/STM32CubeIDE_1.19.0/STM32CubeIDE/plugins/com.st.stm32cube.ide.mcu.externaltools.gnu-tools-for-stm32.13.3.rel1.win32_1.0.0.202411081344/tools/bin/../lib/gcc/arm-none-eabi/13.3.1/thumb/v7e-m+fp/hard/crtn.o
OUTPUT(APPS_Signal_Bound_Generator_F44Nucleo.elf elf32-littlearm)
LOAD linker stubs
LOAD C:/ST/STM32CubeIDE_1.19.0/STM32CubeIDE/plugins/com.st.stm32cube.ide.mcu.externaltools.gnu-tools-for-stm32.13.3.rel1.win32_1.0.0.202411081344/tools/bin/../lib/gcc/arm-none-eabi/13.3.1/../../../../arm-none-eabi/lib/thumb/v7e-m+fp/hard\libc.a
LOAD C:/ST/STM32CubeIDE_1.19.0/STM32CubeIDE/plugins/com.st.stm32cube.ide.mcu.externaltools.gnu-tools-for-stm32.13.3.rel1.win32_1.0.0.202411081344/tools/bin/../lib/gcc/arm-none-eabi/13.3.1/../../../../arm-none-eabi/lib/thumb/v7e-m+fp/hard\libm.a
LOAD C:/ST/STM32CubeIDE_1.19.0/STM32CubeIDE/plugins/com.st.stm32cube.ide.mcu.externaltools.gnu-tools-for-stm32.13.3.rel1.win32_1.0.0.202411081344/tools/bin/../lib/gcc/arm-none-eabi/13.3.1/thumb/v7e-m+fp/hard\libgcc.a

.debug_info     0x00000000     0xa265
 .debug_info    0x00000000     0x166f ./Core/Src/main.o
 .debug_info    0x0000166f      0xe41 ./Core/Src/stm32f4xx_hal_msp.o
 .debug_info    0x000024b0      0x15a ./Core/Src/stm32f4xx_it.o
 .debug_info    0x0000260a      0x54a ./Core/Src/system_stm32f4xx.o
 .debug_info    0x00002b54       0x30 ./Core/Startup/startup_stm32f446retx.o
 .debug_info    0x00002b84      0x99a ./Drivers/STM32F4xx_HAL_Driver/Src/stm32f4xx_hal.o
 .debug_info    0x0000351e      0xce3 ./Drivers/STM32F4xx_HAL_Driver/Src/stm32f4xx_hal_adc.o
 .debug_info    0x00004201      0xdaa ./Drivers/STM32F4xx_HAL_Driver/Src/stm32f4xx_hal_cortex.o
 .debug_info    0x00004fab      0xa01 ./Drivers/STM32F4xx_HAL_Driver/Src/stm32f4xx_hal_dac.o
 .debug_info    0x000059ac      0x70b ./Drivers/STM32F4xx_HAL_Driver/Src/stm32f4xx_hal_gpio.o
 .debug_info    0x000060b7      0x8ff ./Drivers/STM32F4xx_HAL_Driver/Src/stm32f4xx_hal_rcc.o
 .debug_info    0x000069b6      0x960 ./Drivers/STM32F4xx_HAL_Driver/Src/stm32f4xx_hal_rcc_ex.o
 .debug_info    0x00007316     0x2f4f ./Drivers/STM32F4xx_HAL_Driver/Src/stm32f4xx_hal_uart.o

.debug_abbrev   0x00000000     0x19c4
 .debug_abbrev  0x00000000      0x2be ./Core/Src/main.o
 .debug_abbrev  0x000002be      0x201 ./Core/Src/stm32f4xx_hal_msp.o
 .debug_abbrev  0x000004bf       0xa0 ./Core/Src/stm32f4xx_it.o
 .debug_abbrev  0x0000055f      0x11a ./Core/Src/system_stm32f4xx.o
 .debug_abbrev  0x00000679       0x24 ./Core/Startup/startup_stm32f446retx.o
 .debug_abbrev  0x0000069d      0x214 ./Drivers/STM32F4xx_HAL_Driver/Src/stm32f4xx_hal.o
 .debug_abbrev  0x000008b1      0x252 ./Drivers/STM32F4xx_HAL_Driver/Src/stm32f4xx_hal_adc.o
 .debug_abbrev  0x00000b03      0x31d ./Drivers/STM32F4xx_HAL_Driver/Src/stm32f4xx_hal_cortex.o
 .debug_abbrev  0x00000e20      0x1fa ./Drivers/STM32F4xx_HAL_Driver/Src/stm32f4xx_hal_dac.o
 .debug_abbrev  0x0000101a      0x1d4 ./Drivers/STM32F4xx_HAL_Driver/Src/stm32f4xx_hal_gpio.o
 .debug_abbrev  0x000011ee      0x2b7 ./Drivers/STM32F4xx_HAL_Driver/Src/stm32f4xx_hal_rcc.o
 .debug_abbrev  0x000014a5      0x211 ./Drivers/STM32F4xx_HAL_Driver/Src/stm32f4xx_hal_rcc_ex.o
 .debug_abbrev  0x000016b6      0x30e ./Drivers/STM32F4xx_HAL_Driver/Src/stm32f4xx_hal_uart.o

.debug_aranges  0x00000000      0x8a0
 .debug_aranges
                0x00000000       0x68 ./Core/Src/main.o
 .debug_aranges
                0x00000068       0x50 ./Core/Src/stm32f4xx_hal_msp.o
 .debug_aranges
                0x000000b8       0x70 ./Core/Src/stm32f4xx_it.o
 .debug_aranges
                0x00000128       0x28 ./Core/Src/system_stm32f4xx.o
 .debug_aranges
                0x00000150       0x28 ./Core/Startup/startup_stm32f446retx.o
 .debug_aranges
                0x00000178       0xf0 ./Drivers/STM32F4xx_HAL_Driver/Src/stm32f4xx_hal.o
 .debug_aranges
                0x00000268       0xe8 ./Drivers/STM32F4xx_HAL_Driver/Src/stm32f4xx_hal_adc.o
 .debug_aranges
                0x00000350      0x130 ./Drivers/STM32F4xx_HAL_Driver/Src/stm32f4xx_hal_cortex.o
 .debug_aranges
                0x00000480       0xc0 ./Drivers/STM32F4xx_HAL_Driver/Src/stm32f4xx_hal_dac.o
 .debug_aranges
                0x00000540       0x58 ./Drivers/STM32F4xx_HAL_Driver/Src/stm32f4xx_hal_gpio.o
 .debug_aranges
                0x00000598       0x88 ./Drivers/STM32F4xx_HAL_Driver/Src/stm32f4xx_hal_rcc.o
 .debug_aranges
                0x00000620       0x78 ./Drivers/STM32F4xx_HAL_Driver/Src/stm32f4xx_hal_rcc_ex.o
 .debug_aranges
                0x00000698      0x208 ./Drivers/STM32F4xx_HAL_Driver/Src/stm32f4xx_hal_uart.o

.debug_rnglists
                0x00000000      0x69d
 .debug_rnglists
                0x00000000       0x4e ./Core/Src/main.o
 .debug_rnglists
                0x0000004e       0x3a ./Core/Src/stm32f4xx_hal_msp.o
 .debug_rnglists
                0x00000088       0x4f ./Core/Src/stm32f4xx_it.o
 .debug_rnglists
                0x000000d7       0x1a ./Core/Src/system_stm32f4xx.o
 .debug_rnglists
                0x000000f1       0x19 ./Core/Startup/startup_stm32f446retx.o
 .debug_rnglists
                0x0000010a       0xaf ./Drivers/STM32F4xx_HAL_Driver/Src/stm32f4xx_hal.o
 .debug_rnglists
                0x000001b9       0xb5 ./Drivers/STM32F4xx_HAL_Driver/Src/stm32f4xx_hal_adc.o
 .debug_rnglists
                0x0000026e       0xe0 ./Drivers/STM32F4xx_HAL_Driver/Src/stm32f4xx_hal_cortex.o
 .debug_rnglists
                0x0000034e       0x90 ./Drivers/STM32F4xx_HAL_Driver/Src/stm32f4xx_hal_dac.o
 .debug_rnglists
                0x000003de       0x3f ./Drivers/STM32F4xx_HAL_Driver/Src/stm32f4xx_hal_gpio.o
 .debug_rnglists
                0x0000041d       0x66 ./Drivers/STM32F4xx_HAL_Driver/Src/stm32f4xx_hal_rcc.o
 .debug_rnglists
                0x00000483       0x5e ./Drivers/STM32F4xx_HAL_Driver/Src/stm32f4xx_hal_rcc_ex.o
 .debug_rnglists
                0x000004e1      0x1bc ./Drivers/STM32F4xx_HAL_Driver/Src/stm32f4xx_hal_uart.o

.debug_macro    0x00000000    0x2284f
 .debug_macro   0x00000000      0x331 ./Core/Src/main.o
 .debug_macro   0x00000331      0xae4 ./Core/Src/main.o
 .debug_macro   0x00000e15      0x29f ./Core/Src/main.o
 .debug_macro   0x000010b4       0x28 ./Core/Src/main.o
 .debug_macro   0x000010dc       0x28 ./Core/Src/main.o
 .debug_macro   0x00001104       0x22 ./Core/Src/main.o
 .debug_macro   0x00001126       0x8e ./Core/Src/main.o
 .debug_macro   0x000011b4       0x51 ./Core/Src/main.o
 .debug_macro   0x00001205      0x103 ./Core/Src/main.o
 .debug_macro   0x00001308       0x6a ./Core/Src/main.o
 .debug_macro   0x00001372      0x1df ./Core/Src/main.o
 .debug_macro   0x00001551       0x1c ./Core/Src/main.o
 .debug_macro   0x0000156d       0x22 ./Core/Src/main.o
 .debug_macro   0x0000158f       0xfb ./Core/Src/main.o
 .debug_macro   0x0000168a     0x1011 ./Core/Src/main.o
 .debug_macro   0x0000269b      0x11f ./Core/Src/main.o
 .debug_macro   0x000027ba    0x1675e ./Core/Src/main.o
 .debug_macro   0x00018f18       0x6d ./Core/Src/main.o
 .debug_macro   0x00018f85     0x3693 ./Core/Src/main.o
 .debug_macro   0x0001c618      0x190 ./Core/Src/main.o
 .debug_macro   0x0001c7a8       0x5c ./Core/Src/main.o
 .debug_macro   0x0001c804      0xca5 ./Core/Src/main.o
 .debug_macro   0x0001d4a9      0x9e9 ./Core/Src/main.o
 .debug_macro   0x0001de92      0x115 ./Core/Src/main.o
 .debug_macro   0x0001dfa7      0x1a0 ./Core/Src/main.o
 .debug_macro   0x0001e147       0xa5 ./Core/Src/main.o
 .debug_macro   0x0001e1ec      0x16d ./Core/Src/main.o
 .debug_macro   0x0001e359      0x287 ./Core/Src/main.o
 .debug_macro   0x0001e5e0       0x5f ./Core/Src/main.o
 .debug_macro   0x0001e63f      0x236 ./Core/Src/main.o
 .debug_macro   0x0001e875      0xb5b ./Core/Src/main.o
 .debug_macro   0x0001f3d0      0x38b ./Core/Src/main.o
 .debug_macro   0x0001f75b      0x17d ./Core/Src/main.o
 .debug_macro   0x0001f8d8       0xf9 ./Core/Src/main.o
 .debug_macro   0x0001f9d1      0x122 ./Core/Src/main.o
 .debug_macro   0x0001faf3       0xa6 ./Core/Src/main.o
 .debug_macro   0x0001fb99      0x132 ./Core/Src/main.o
 .debug_macro   0x0001fccb      0x29c ./Core/Src/main.o
 .debug_macro   0x0001ff67       0x2e ./Core/Src/main.o
 .debug_macro   0x0001ff95      0x127 ./Core/Src/main.o
 .debug_macro   0x000200bc       0xe8 ./Core/Src/main.o
 .debug_macro   0x000201a4       0x89 ./Core/Src/main.o
 .debug_macro   0x0002022d      0x2aa ./Core/Src/main.o
 .debug_macro   0x000204d7      0x126 ./Core/Src/main.o
 .debug_macro   0x000205fd       0x7c ./Core/Src/main.o
 .debug_macro   0x00020679       0x2a ./Core/Src/main.o
 .debug_macro   0x000206a3       0x61 ./Core/Src/main.o
 .debug_macro   0x00020704       0x43 ./Core/Src/main.o
 .debug_macro   0x00020747       0x34 ./Core/Src/main.o
 .debug_macro   0x0002077b       0x16 ./Core/Src/main.o
 .debug_macro   0x00020791       0x3c ./Core/Src/main.o
 .debug_macro   0x000207cd      0x370 ./Core/Src/main.o
 .debug_macro   0x00020b3d       0x16 ./Core/Src/main.o
 .debug_macro   0x00020b53       0x4a ./Core/Src/main.o
 .debug_macro   0x00020b9d       0x34 ./Core/Src/main.o
 .debug_macro   0x00020bd1       0x10 ./Core/Src/main.o
 .debug_macro   0x00020be1       0x58 ./Core/Src/main.o
 .debug_macro   0x00020c39       0x8e ./Core/Src/main.o
 .debug_macro   0x00020cc7       0x1c ./Core/Src/main.o
 .debug_macro   0x00020ce3      0x185 ./Core/Src/main.o
 .debug_macro   0x00020e68       0x16 ./Core/Src/main.o
 .debug_macro   0x00020e7e       0x29 ./Core/Src/main.o
 .debug_macro   0x00020ea7       0x1c ./Core/Src/main.o
 .debug_macro   0x00020ec3       0x10 ./Core/Src/main.o
 .debug_macro   0x00020ed3       0x1c ./Core/Src/main.o
 .debug_macro   0x00020eef       0x16 ./Core/Src/main.o
 .debug_macro   0x00020f05      0x146 ./Core/Src/main.o
 .debug_macro   0x0002104b      0x19b ./Core/Src/main.o
 .debug_macro   0x000211e6       0x22 ./Core/Src/main.o
 .debug_macro   0x00021208      0x205 ./Core/Src/stm32f4xx_hal_msp.o
 .debug_macro   0x0002140d      0x20f ./Core/Src/stm32f4xx_it.o
 .debug_macro   0x0002161c      0x1f6 ./Core/Src/system_stm32f4xx.o
 .debug_macro   0x00021812      0x256 ./Drivers/STM32F4xx_HAL_Driver/Src/stm32f4xx_hal.o
 .debug_macro   0x00021a68      0x1f7 ./Drivers/STM32F4xx_HAL_Driver/Src/stm32f4xx_hal_adc.o
 .debug_macro   0x00021c5f      0x1f6 ./Drivers/STM32F4xx_HAL_Driver/Src/stm32f4xx_hal_cortex.o
 .debug_macro   0x00021e55      0x1f7 ./Drivers/STM32F4xx_HAL_Driver/Src/stm32f4xx_hal_dac.o
 .debug_macro   0x0002204c      0x1fc ./Drivers/STM32F4xx_HAL_Driver/Src/stm32f4xx_hal_gpio.o
 .debug_macro   0x00022248      0x21a ./Drivers/STM32F4xx_HAL_Driver/Src/stm32f4xx_hal_rcc.o
 .debug_macro   0x00022462      0x1f6 ./Drivers/STM32F4xx_HAL_Driver/Src/stm32f4xx_hal_rcc_ex.o
 .debug_macro   0x00022658      0x1f7 ./Drivers/STM32F4xx_HAL_Driver/Src/stm32f4xx_hal_uart.o

.debug_line     0x00000000     0xb160
 .debug_line    0x00000000      0xc72 ./Core/Src/main.o
 .debug_line    0x00000c72      0x895 ./Core/Src/stm32f4xx_hal_msp.o
 .debug_line    0x00001507      0x86c ./Core/Src/stm32f4xx_it.o
 .debug_line    0x00001d73      0x803 ./Core/Src/system_stm32f4xx.o
 .debug_line    0x00002576       0x7a ./Core/Startup/startup_stm32f446retx.o
 .debug_line    0x000025f0      0xa7f ./Drivers/STM32F4xx_HAL_Driver/Src/stm32f4xx_hal.o
 .debug_line    0x0000306f     0x12a2 ./Drivers/STM32F4xx_HAL_Driver/Src/stm32f4xx_hal_adc.o
 .debug_line    0x00004311      0xd4f ./Drivers/STM32F4xx_HAL_Driver/Src/stm32f4xx_hal_cortex.o
 .debug_line    0x00005060      0xb91 ./Drivers/STM32F4xx_HAL_Driver/Src/stm32f4xx_hal_dac.o
 .debug_line    0x00005bf1      0xbc3 ./Drivers/STM32F4xx_HAL_Driver/Src/stm32f4xx_hal_gpio.o
 .debug_line    0x000067b4      0xe9a ./Drivers/STM32F4xx_HAL_Driver/Src/stm32f4xx_hal_rcc.o
 .debug_line    0x0000764e     0x154b ./Drivers/STM32F4xx_HAL_Driver/Src/stm32f4xx_hal_rcc_ex.o
 .debug_line    0x00008b99     0x25c7 ./Drivers/STM32F4xx_HAL_Driver/Src/stm32f4xx_hal_uart.o

.debug_str      0x00000000    0xd6e65
 .debug_str     0x00000000    0xd6e65 ./Core/Src/main.o
                              0xd54c3 (size before relaxing)
 .debug_str     0x000d6e65    0xd0a74 ./Core/Src/stm32f4xx_hal_msp.o
 .debug_str     0x000d6e65    0xd020d ./Core/Src/stm32f4xx_it.o
 .debug_str     0x000d6e65    0xd0122 ./Core/Src/system_stm32f4xx.o
 .debug_str     0x000d6e65       0x9c ./Core/Startup/startup_stm32f446retx.o
 .debug_str     0x000d6e65    0xd0ce7 ./Drivers/STM32F4xx_HAL_Driver/Src/stm32f4xx_hal.o
 .debug_str     0x000d6e65    0xd06ea ./Drivers/STM32F4xx_HAL_Driver/Src/stm32f4xx_hal_adc.o
 .debug_str     0x000d6e65    0xd0a3e ./Drivers/STM32F4xx_HAL_Driver/Src/stm32f4xx_hal_cortex.o
 .debug_str     0x000d6e65    0xd057f ./Drivers/STM32F4xx_HAL_Driver/Src/stm32f4xx_hal_dac.o
 .debug_str     0x000d6e65    0xd029d ./Drivers/STM32F4xx_HAL_Driver/Src/stm32f4xx_hal_gpio.o
 .debug_str     0x000d6e65    0xd055b ./Drivers/STM32F4xx_HAL_Driver/Src/stm32f4xx_hal_rcc.o
 .debug_str     0x000d6e65    0xd058e ./Drivers/STM32F4xx_HAL_Driver/Src/stm32f4xx_hal_rcc_ex.o
 .debug_str     0x000d6e65    0xd0b12 ./Drivers/STM32F4xx_HAL_Driver/Src/stm32f4xx_hal_uart.o

.comment        0x00000000       0x43
 .comment       0x00000000       0x43 ./Core/Src/main.o
                                 0x44 (size before relaxing)
 .comment       0x00000043       0x44 ./Core/Src/stm32f4xx_hal_msp.o
 .comment       0x00000043       0x44 ./Core/Src/stm32f4xx_it.o
 .comment       0x00000043       0x44 ./Core/Src/system_stm32f4xx.o
 .comment       0x00000043       0x44 ./Drivers/STM32F4xx_HAL_Driver/Src/stm32f4xx_hal.o
 .comment       0x00000043       0x44 ./Drivers/STM32F4xx_HAL_Driver/Src/stm32f4xx_hal_adc.o
 .comment       0x00000043       0x44 ./Drivers/STM32F4xx_HAL_Driver/Src/stm32f4xx_hal_cortex.o
 .comment       0x00000043       0x44 ./Drivers/STM32F4xx_HAL_Driver/Src/stm32f4xx_hal_dac.o
 .comment       0x00000043       0x44 ./Drivers/STM32F4xx_HAL_Driver/Src/stm32f4xx_hal_gpio.o
 .comment       0x00000043       0x44 ./Drivers/STM32F4xx_HAL_Driver/Src/stm32f4xx_hal_rcc.o
 .comment       0x00000043       0x44 ./Drivers/STM32F4xx_HAL_Driver/Src/stm32f4xx_hal_rcc_ex.o
 .comment       0x00000043       0x44 ./Drivers/STM32F4xx_HAL_Driver/Src/stm32f4xx_hal_uart.o

.debug_frame    0x00000000     0x24c4
 .debug_frame   0x00000000      0x168 ./Core/Src/main.o
 .debug_frame   0x00000168      0x10c ./Core/Src/stm32f4xx_hal_msp.o
 .debug_frame   0x00000274      0x13c ./Core/Src/stm32f4xx_it.o
 .debug_frame   0x000003b0       0x58 ./Core/Src/system_stm32f4xx.o
 .debug_frame   0x00000408      0x374 ./Drivers/STM32F4xx_HAL_Driver/Src/stm32f4xx_hal.o
 .debug_frame   0x0000077c      0x3fc ./Drivers/STM32F4xx_HAL_Driver/Src/stm32f4xx_hal_adc.o
 .debug_frame   0x00000b78      0x508 ./Drivers/STM32F4xx_HAL_Driver/Src/stm32f4xx_hal_cortex.o
 .debug_frame   0x00001080      0x338 ./Drivers/STM32F4xx_HAL_Driver/Src/stm32f4xx_hal_dac.o
 .debug_frame   0x000013b8      0x14c ./Drivers/STM32F4xx_HAL_Driver/Src/stm32f4xx_hal_gpio.o
 .debug_frame   0x00001504      0x1f4 ./Drivers/STM32F4xx_HAL_Driver/Src/stm32f4xx_hal_rcc.o
 .debug_frame   0x000016f8      0x1e8 ./Drivers/STM32F4xx_HAL_Driver/Src/stm32f4xx_hal_rcc_ex.o
 .debug_frame   0x000018e0      0x954 ./Drivers/STM32F4xx_HAL_Driver/Src/stm32f4xx_hal_uart.o
 .debug_frame   0x00002234       0x20 C:/ST/STM32CubeIDE_1.19.0/STM32CubeIDE/plugins/com.st.stm32cube.ide.mcu.externaltools.gnu-tools-for-stm32.13.3.rel1.win32_1.0.0.202411081344/tools/bin/../lib/gcc/arm-none-eabi/13.3.1/../../../../arm-none-eabi/lib/thumb/v7e-m+fp/hard\libc_nano.a(libc_a-memset.o)
 .debug_frame   0x00002254       0x2c C:/ST/STM32CubeIDE_1.19.0/STM32CubeIDE/plugins/com.st.stm32cube.ide.mcu.externaltools.gnu-tools-for-stm32.13.3.rel1.win32_1.0.0.202411081344/tools/bin/../lib/gcc/arm-none-eabi/13.3.1/../../../../arm-none-eabi/lib/thumb/v7e-m+fp/hard\libc_nano.a(libc_a-init.o)
 .debug_frame   0x00002280       0xac C:/ST/STM32CubeIDE_1.19.0/STM32CubeIDE/plugins/com.st.stm32cube.ide.mcu.externaltools.gnu-tools-for-stm32.13.3.rel1.win32_1.0.0.202411081344/tools/bin/../lib/gcc/arm-none-eabi/13.3.1/thumb/v7e-m+fp/hard\libgcc.a(_arm_addsubdf3.o)
 .debug_frame   0x0000232c       0x50 C:/ST/STM32CubeIDE_1.19.0/STM32CubeIDE/plugins/com.st.stm32cube.ide.mcu.externaltools.gnu-tools-for-stm32.13.3.rel1.win32_1.0.0.202411081344/tools/bin/../lib/gcc/arm-none-eabi/13.3.1/thumb/v7e-m+fp/hard\libgcc.a(_arm_muldivdf3.o)
 .debug_frame   0x0000237c       0xc4 C:/ST/STM32CubeIDE_1.19.0/STM32CubeIDE/plugins/com.st.stm32cube.ide.mcu.externaltools.gnu-tools-for-stm32.13.3.rel1.win32_1.0.0.202411081344/tools/bin/../lib/gcc/arm-none-eabi/13.3.1/thumb/v7e-m+fp/hard\libgcc.a(_arm_cmpdf2.o)
 .debug_frame   0x00002440       0x24 C:/ST/STM32CubeIDE_1.19.0/STM32CubeIDE/plugins/com.st.stm32cube.ide.mcu.externaltools.gnu-tools-for-stm32.13.3.rel1.win32_1.0.0.202411081344/tools/bin/../lib/gcc/arm-none-eabi/13.3.1/thumb/v7e-m+fp/hard\libgcc.a(_arm_fixunsdfsi.o)
 .debug_frame   0x00002464       0x2c C:/ST/STM32CubeIDE_1.19.0/STM32CubeIDE/plugins/com.st.stm32cube.ide.mcu.externaltools.gnu-tools-for-stm32.13.3.rel1.win32_1.0.0.202411081344/tools/bin/../lib/gcc/arm-none-eabi/13.3.1/thumb/v7e-m+fp/hard\libgcc.a(_aeabi_uldivmod.o)
 .debug_frame   0x00002490       0x34 C:/ST/STM32CubeIDE_1.19.0/STM32CubeIDE/plugins/com.st.stm32cube.ide.mcu.externaltools.gnu-tools-for-stm32.13.3.rel1.win32_1.0.0.202411081344/tools/bin/../lib/gcc/arm-none-eabi/13.3.1/thumb/v7e-m+fp/hard\libgcc.a(_udivmoddi4.o)

.debug_line_str
                0x00000000       0x80
 .debug_line_str
                0x00000000       0x80 ./Core/Startup/startup_stm32f446retx.o
