../Core/Src/main.c:96:13:cli_send	1
../Core/Src/main.c:101:13:cli_trim	6
../Core/Src/main.c:117:13:cli_uppercase	3
../Core/Src/main.c:126:17:clamp_u12	3
../Core/Src/main.c:133:13:cli_process	20
../Core/Src/main.c:278:5:main	8
../Core/Src/main.c:396:6:SystemClock_Config	3
../Core/Src/main.c:443:13:MX_ADC1_Init	4
../Core/Src/main.c:504:13:MX_DAC_Init	4
../Core/Src/main.c:549:13:MX_DMA_Init	1
../Core/Src/main.c:567:13:MX_GPIO_Init	1
../Core/Src/main.c:594:6:HAL_ADC_ConvCpltCallback	2
../Core/Src/main.c:608:6:Error_Handler	1
