../Core/Src/main.c:119:1:__io_putchar	16	static
../Core/Src/main.c:131:5:main	24	static
../Core/Src/main.c:262:6:SystemClock_Config	88	static
../Core/Src/main.c:310:13:MX_ADC1_Init	24	static
../Core/Src/main.c:362:13:MX_ADC2_Init	24	static
../Core/Src/main.c:414:13:MX_DAC_Init	16	static
../Core/Src/main.c:461:13:MX_USART2_UART_Init	8	static
../Core/Src/main.c:494:13:MX_GPIO_Init	48	static
../Core/Src/main.c:543:6:HAL_GPIO_EXTI_Callback	16	static
../Core/Src/main.c:566:6:Error_Handler	4	static,ignoring_inline_asm
