18:23:51 **** Incremental Build of configuration Debug for project APPSCodeTestingCompilation ****
make -j16 all 
arm-none-eabi-gcc "../Middlewares/Third_Party/NimaLTD_Driver/EE/ee.c" -mcpu=cortex-m4 -std=gnu11 -g3 -DDEBUG -DUSE_HAL_DRIVER -DSTM32F446xx -c -I../Core/Inc -I../Drivers/STM32F4xx_HAL_Driver/Inc -I../Drivers/STM32F4xx_HAL_Driver/Inc/Legacy -I../Drivers/CMSIS/Device/ST/STM32F4xx/Include -I../Drivers/CMSIS/Include -I../I-CUBE-EE -I../Middlewares/Third_Party/NimaLTD_Driver/EE -O0 -ffunction-sections -fdata-sections -Wall -fstack-usage -fcyclomatic-complexity -MMD -MP -MF"Middlewares/Third_Party/NimaLTD_Driver/EE/ee.d" -MT"Middlewares/Third_Party/NimaLTD_Driver/EE/ee.o" --specs=nano.specs -mfpu=fpv4-sp-d16 -mfloat-abi=hard -mthumb -o "Middlewares/Third_Party/NimaLTD_Driver/EE/ee.o"
arm-none-eabi-gcc -o "APPSCodeTestingCompilation.elf" @"objects.list"   -mcpu=cortex-m4 -T"C:\Users\jt\OneDrive\Desktop\AER\Github\BSPD\APPS-BSPD\APPSCodeTestingCompilation\STM32F446RCTX_FLASH.ld" --specs=nosys.specs -Wl,-Map="APPSCodeTestingCompilation.map" -Wl,--gc-sections -static --specs=nano.specs -mfpu=fpv4-sp-d16 -mfloat-abi=hard -mthumb -Wl,--start-group -lc -lm -Wl,--end-group
Finished building target: APPSCodeTestingCompilation.elf
 
arm-none-eabi-size  APPSCodeTestingCompilation.elf 
arm-none-eabi-objdump -h -S APPSCodeTestingCompilation.elf  > "APPSCodeTestingCompilation.list"
   text	   data	    bss	    dec	    hex	filename
  14384	     52	   1780	  16216	   3f58	APPSCodeTestingCompilation.elf
Finished building: default.size.stdout
 
Finished building: APPSCodeTestingCompilation.list
 
18:23:55 **** Incremental Build of configuration Debug for project APPSCodeTestingCompilation ****
make -j16 all 
arm-none-eabi-size  APPSCodeTestingCompilation.elf 
   text	   data	    bss	    dec	    hex	filename
  14384	     52	   1780	  16216	   3f58	APPSCodeTestingCompilation.elf
Finished building: default.size.stdout
 
18:24:08 **** Incremental Build of configuration Debug for project APPSCodeTestingCompilation ****
make -j16 all 
arm-none-eabi-size  APPSCodeTestingCompilation.elf 
   text	   data	    bss	    dec	    hex	filename
  14384	     52	   1780	  16216	   3f58	APPSCodeTestingCompilation.elf
Finished building: default.size.stdout
 
